C:\Users\devan\AppData\Local\Programs\Python\Python313\Lib\site-packages\torch\cuda\__init__.py:63: FutureWarning: The pynvml package is deprecated. Please install nvidia-ml-py instead. If you did not install pynvml directly, please report this to the maintainers of the package that installed pynvml for you.
  import pynvml  # type: ignore[import]
[    0.0s]   [partial write] startup (bars + lean + P-e339a registered, committed at birth)
[    0.4s] P-1 e336's committed record BOUND (metrics md5 f90b439a...; t400 read 0.8147322536 = x2.8502; leg-1 S_total 3.7320)
[    3.0s] P0: the protocol rebuilt (corpus + battery + anchors + the name windows + the eval banks) — e336's P0 mirror PASS
[    3.9s] P1 the room: K10K re-derived + bit-bound to e336's committed room: PASS
[    4.2s] P2 G_SUBSTRATE: the TAVIREN organism re-bound (g0 |d| 0.0e+00; write norm |rel d| 0.0e+00): PASS
[    4.2s] P2 the LEG BUDGET: BUDGET_leg 4.4748 (B_C 0.0537 / B_M 0.4475); LR_M_MAX re-derived 0.021942464013242388; leg-1 committed spend 3.7320 carried for the cumulative report
[    4.2s]   [leg-bind] e336 module globals re-bound: {'PHASE_STEPS': 16, 'MILESTONES': (10, 12, 14, 16), 'WIN1': (9, 10, 11), 'WIN2': (13, 14, 15), 'MAINT_EVERY': 2} (was {'PHASE_STEPS': 400, 'MILESTONES': (100, 200, 300, 400), 'WIN1': (24, 25, 26), 'WIN2': (199, 200, 201), 'MAINT_EVERY': 25}); every protocol constant untouched
[    4.2s] P2 G_PROTOCOL_IDENT: e336's committed constants == the md5-bound record; leg re-bind = {PHASE_STEPS 16, MILESTONES (10, 12, 14, 16), WIN (9, 10, 11)/(13, 14, 15)}: PASS
[    4.2s]   [partial write] P2 the protocol identity bound (leg re-bind asserted)
[    4.2s] P3 SMOKE: manufacturing a smoke leg-1 checkpoint via e336's own driver (8 steps, M=2) — machinery validation only
[    4.2s]   [leg-bind] e336 module globals re-bound: {'PHASE_STEPS': 8, 'MILESTONES': (1, 2, 3, 4, 5, 6, 7, 8), 'WIN1': (1, 2, 3), 'WIN2': (3, 4, 5), 'MAINT_EVERY': 2} (was {'PHASE_STEPS': 16, 'MILESTONES': (10, 12, 14, 16), 'WIN1': (9, 10, 11), 'WIN2': (13, 14, 15), 'MAINT_EVERY': 2}); every protocol constant untouched
[    5.4s]   [gpu:ERROR-GATED:corpus:chunk1#1] util 0% temp 53C mem 288/24463MB power 29.1W -> OK
[   10.5s]   [gpu:ERROR-GATED:corpus:chunk1#2] util 0% temp 54C mem 288/24463MB power 25.5W -> OK
[   10.5s] [ERROR-GATED:corpus:chunk1] burst opens
[   15.6s]   [SMOKE-LEG1] WINDOW win1:t1 (after t1): g0 0.279509 (x0.9778) |d| 0.002 | S_corp 0.0018 S_maint 0.0000 (maint #0)
[   21.4s]   [SMOKE-LEG1] t   1 g0 0.279509 (x0.9778) g-12 0.16900 CE_R 1.5851 CE_corp 0.9452 |d| 0.002 drift-in-room 6.41e-05 rem-in-room 0.9424 | BUDGET S_corp 0.0018 + S_maint 0.0000 = 0.0018/0.5012 (0.3%) cum 0.0018 (0.3%) lr 0.00217 sched bufC 1.54e-09
[   23.5s]   [SMOKE-LEG1] WINDOW win1:t2-pre (after t2): g0 0.250080 (x0.8749) |d| 0.007 | S_corp 0.0074 S_maint 0.0000 (maint #0)
[   25.3s]   [SMOKE-LEG1] MAINT # 1 @t  2: name_ce 0.4237 (112 toks) |g| 1.000 in-room 0.0602 | GATE read 0.250080 deficit 0.1251 -> lr 0.002746 CONTROLLER (target 0.002746 cap 0.111870; b_m 1.000 share 0.11187) -> step 0.00275 | S_maint 0.0027/0.4475 (0.6% of B_M) S_total 0.0101/0.5012 bufF 6.02e-02
[   25.6s]   [SMOKE-LEG1] WINDOW win1:t2-post (after t2): g0 0.313756 (x1.0976) |d| 0.007 | S_corp 0.0074 S_maint 0.0027 (maint #1)
[   32.8s]   [SMOKE-LEG1] t   2 g0 0.313756 (x1.0976) g-12 0.19422 CE_R 1.5849 CE_corp 1.0010 |d| 0.007 drift-in-room 2.34e-02 rem-in-room 0.9424 | BUDGET S_corp 0.0074 + S_maint 0.0027 = 0.0101/0.5012 (2.0%) cum 0.0071 (1.4%) lr 0.00435 sched bufC 2.35e-09
[   35.2s]   [SMOKE-LEG1] WINDOW win2:t3 (after t3): g0 0.260374 (x0.9109) |d| 0.014 | S_corp 0.0151 S_maint 0.0027 (maint #1)
[   42.6s]   [SMOKE-LEG1] t   3 g0 0.260374 (x0.9109) g-12 0.15295 CE_R 1.5848 CE_corp 0.9752 |d| 0.014 drift-in-room 1.19e-02 rem-in-room 0.9424 | BUDGET S_corp 0.0151 + S_maint 0.0027 = 0.0178/0.5012 (3.6%) cum 0.0139 (2.8%) lr 0.00497 CAP bufC 2.78e-09
[   45.0s]   [SMOKE-LEG1] WINDOW win2:t4-pre (after t4): g0 0.206033 (x0.7208) |d| 0.021 | S_corp 0.0228 S_maint 0.0027 (maint #1)
[   46.6s]   [SMOKE-LEG1] MAINT # 2 @t  4: name_ce 0.4376 (112 toks) |g| 1.000 in-room 0.0597 | GATE read 0.206033 deficit 0.2792 -> lr 0.006127 CONTROLLER (target 0.006127 cap 0.079198; b_m 1.872 share 0.14825) -> step 0.01147 | S_maint 0.0142/0.4475 (3.2% of B_M) S_total 0.0370/0.5012 bufF 5.99e-02
[   46.8s]   [SMOKE-LEG1] WINDOW win2:t4-post (after t4): g0 0.471312 (x1.6488) |d| 0.022 | S_corp 0.0228 S_maint 0.0142 (maint #2)
[   53.2s]   [SMOKE-LEG1] t   4 g0 0.471312 (x1.6488) g-12 0.34104 CE_R 1.5857 CE_corp 0.9713 |d| 0.022 drift-in-room 3.79e-02 rem-in-room 0.9424 | BUDGET S_corp 0.0228 + S_maint 0.0142 = 0.0370/0.5012 (7.4%) cum 0.0224 (4.5%) lr 0.00449 CAP bufC 3.15e-09
[   55.5s]   [SMOKE-LEG1] WINDOW win2:t5 (after t5): g0 0.407160 (x1.4244) |d| 0.028 | S_corp 0.0305 S_maint 0.0142 (maint #2)
[   61.6s]   [SMOKE-LEG1] t   5 g0 0.407160 (x1.4244) g-12 0.27317 CE_R 1.5864 CE_corp 0.9542 |d| 0.028 drift-in-room 3.06e-02 rem-in-room 0.9424 | BUDGET S_corp 0.0305 + S_maint 0.0142 = 0.0447/0.5012 (8.9%) cum 0.0278 (5.5%) lr 0.00424 CAP bufC 3.45e-09
[   65.8s]   [SMOKE-LEG1] MAINT # 3 @t  6: name_ce 0.3787 (112 toks) |g| 1.000 in-room 0.0606 | GATE read 0.329732 deficit 0.0000 -> lr 0.000000 CONTROLLER (target 0.000000 cap 0.083084; b_m 2.607 share 0.21663) -> step 0.00000 | S_maint 0.0142/0.4475 (3.2% of B_M) S_total 0.0525/0.5012 bufF 6.01e-02
[   71.6s]   [SMOKE-LEG1] t   6 g0 0.329732 (x1.1535) g-12 0.20366 CE_R 1.5864 CE_corp 0.9756 |d| 0.033 drift-in-room 2.55e-02 rem-in-room 0.9424 | BUDGET S_corp 0.0383 + S_maint 0.0142 = 0.0525/0.5012 (10.5%) cum 0.0333 (6.6%) lr 0.00411 CAP bufC 3.74e-09
[   78.8s]   [SMOKE-LEG1] t   7 g0 0.251630 (x0.8803) g-12 0.14481 CE_R 1.5861 CE_corp 0.9780 |d| 0.039 drift-in-room 2.19e-02 rem-in-room 0.9424 | BUDGET S_corp 0.0460 + S_maint 0.0142 = 0.0602/0.5012 (12.0%) cum 0.0389 (7.8%) lr 0.00394 CAP bufC 3.92e-09
[   82.9s]   [SMOKE-LEG1] MAINT # 4 @t  8: name_ce 0.3921 (112 toks) |g| 1.000 in-room 0.0601 | GATE read 0.186140 deficit 0.3488 -> lr 0.007654 CONTROLLER (target 0.007654 cap 0.130852; b_m 3.311 share 0.43327) -> step 0.02534 | S_maint 0.0396/0.4475 (8.8% of B_M) S_total 0.0933/0.5012 bufF 6.01e-02
[   88.9s]   [SMOKE-LEG1] t   8 g0 0.641883 (x2.2455) g-12 0.58505 CE_R 1.5865 CE_corp 0.9687 |d| 0.050 drift-in-room 4.69e-02 rem-in-room 0.9424 | BUDGET S_corp 0.0537 + S_maint 0.0396 = 0.0933/0.5012 (18.6%) cum 0.0504 (10.0%) lr 0.00383 CAP bufC 4.06e-09
[   89.1s]   [gpu:PASSIVE-TWIN:corpus:chunk1#1] util 0% temp 57C mem 1662/24463MB power 11.0W -> OK
[   94.2s]   [gpu:PASSIVE-TWIN:corpus:chunk1#2] util 0% temp 56C mem 1662/24463MB power 8.0W -> OK
[   94.2s] [PASSIVE-TWIN:corpus:chunk1] burst opens
[   97.5s]   [SMOKE-LEG1] WINDOW win1:t1 (after t1): g0 0.279509 (x0.9778) |d| 0.002 | S_corp 0.0018
[  100.0s]   [SMOKE-LEG1] t   1 g0 0.279509 (x0.9778) g-12 0.16900 CE_R 1.5851 CE_corp 0.9452 |d| 0.002 | BUDGET S_corp 0.0018/0.0537 (3.3% of B_C) cum 0.0018 lr 0.00217 sched
[  104.6s]   [SMOKE-LEG1] t   2 g0 0.250080 (x0.8749) g-12 0.14679 CE_R 1.5848 CE_corp 1.0010 |d| 0.007 | BUDGET S_corp 0.0074/0.0537 (13.7% of B_C) cum 0.0070 lr 0.00435 sched
[  107.0s]   [SMOKE-LEG1] WINDOW win2:t3 (after t3): g0 0.204862 (x0.7167) |d| 0.014 | S_corp 0.0151
[  109.3s]   [SMOKE-LEG1] t   3 g0 0.204862 (x0.7167) g-12 0.11578 CE_R 1.5847 CE_corp 0.9749 |d| 0.014 | BUDGET S_corp 0.0151/0.0537 (28.1% of B_C) cum 0.0142 lr 0.00502 CAP
[  113.4s]   [SMOKE-LEG1] t   4 g0 0.162240 (x0.5676) g-12 0.08958 CE_R 1.5852 CE_corp 0.9711 |d| 0.021 | BUDGET S_corp 0.0228/0.0537 (42.5% of B_C) cum 0.0212 lr 0.00455 CAP
[  115.7s]   [SMOKE-LEG1] WINDOW win2:t5 (after t5): g0 0.128996 (x0.4513) |d| 0.028 | S_corp 0.0305
[  118.0s]   [SMOKE-LEG1] t   5 g0 0.128996 (x0.4513) g-12 0.07052 CE_R 1.5861 CE_corp 0.9530 |d| 0.028 | BUDGET S_corp 0.0305/0.0537 (56.9% of B_C) cum 0.0279 lr 0.00442 CAP
[  122.2s]   [SMOKE-LEG1] t   6 g0 0.104063 (x0.3640) g-12 0.05673 CE_R 1.5862 CE_corp 0.9747 |d| 0.034 | BUDGET S_corp 0.0383/0.0537 (71.2% of B_C) cum 0.0343 lr 0.00435 CAP
[  126.9s]   [SMOKE-LEG1] t   7 g0 0.084955 (x0.2972) g-12 0.04654 CE_R 1.5860 CE_corp 0.9771 |d| 0.040 | BUDGET S_corp 0.0460/0.0537 (85.6% of B_C) cum 0.0404 lr 0.00417 CAP
[  132.5s]   [SMOKE-LEG1] t   8 g0 0.071534 (x0.2502) g-12 0.03949 CE_R 1.5852 CE_corp 0.9679 |d| 0.046 | BUDGET S_corp 0.0537/0.0537 (100.0% of B_C) cum 0.0462 lr 0.00401 CAP
[  132.6s]   [leg-bind] e336 module globals re-bound: {'PHASE_STEPS': 16, 'MILESTONES': (10, 12, 14, 16), 'WIN1': (9, 10, 11), 'WIN2': (13, 14, 15), 'MAINT_EVERY': 2} (was {'PHASE_STEPS': 8, 'MILESTONES': (1, 2, 3, 4, 5, 6, 7, 8), 'WIN1': (1, 2, 3), 'WIN2': (3, 4, 5), 'MAINT_EVERY': 2}); every protocol constant untouched
[  133.0s] P3 G_RESUME: e336's t400 states loaded (REA step 8, n_maint 4, S 0.0537+0.0396; TWN step 8); resume-model == post-model: True: PASS
[  133.3s] P3 G_T400_REPRO: REA t400 read reproduced (|d| 0.0e+00); TWN (|d| 0.0e+00): PASS
[  133.8s] P3 G_STAGING: both leg resumes staged (state bits digest-equal; pools zeroed; generators carried): PASS
[  133.8s]   [partial write] P3 the resume identity + staging complete
[  133.8s] ==============================================================================
[  133.8s] ARM-ERROR-GATED — the continuation t9..t16 (e336's committed driver VERBATIM; the stream + optimizer states resumed; a fresh leg budget; the same controller law)
[  133.8s]   [ERROR-GATED] RESUMED from smoke_REA_leg_resume.pt at corpus step 8/16
[  133.9s]   [gpu:ERROR-GATED:corpus:chunk1#1] util 0% temp 59C mem 1662/24463MB power 15.3W -> OK
[  139.0s]   [gpu:ERROR-GATED:corpus:chunk1#2] util 0% temp 59C mem 1662/24463MB power 8.4W -> OK
[  139.0s] [ERROR-GATED:corpus:chunk1] burst opens
[  141.0s]   [ERROR-GATED] WINDOW win1:t9 (after t9): g0 0.618871 (x2.1650) |d| 0.053 | S_corp 0.0067 S_maint 0.0000 (maint #0)
[  144.0s]   [ERROR-GATED] WINDOW win1:t10-pre (after t10): g0 0.583955 (x2.0429) |d| 0.057 | S_corp 0.0134 S_maint 0.0000 (maint #0)
[  145.7s]   [ERROR-GATED] MAINT # 1 @t 10: name_ce 0.1772 (112 toks) |g| 1.000 in-room 0.0602 | GATE read 0.583955 deficit 0.0000 -> lr 0.000000 CONTROLLER (target 0.000000 cap 0.029036; b_m 3.853 share 0.11187) -> step 0.00000 | S_maint 0.0000/0.4475 (0.0% of B_M) S_total 0.0134/0.5012 bufF 6.01e-02
[  146.0s]   [ERROR-GATED] WINDOW win1:t10-post (after t10): g0 0.583955 (x2.0429) |d| 0.057 | S_corp 0.0134 S_maint 0.0000 (maint #1)
[  153.2s]   [ERROR-GATED] t  10 g0 0.583955 (x2.0429) g-12 0.48654 CE_R 1.5840 CE_corp 1.0033 |d| 0.057 drift-in-room 4.17e-02 rem-in-room 0.9424 | BUDGET S_corp 0.0134 + S_maint 0.0000 = 0.0134/0.5012 (2.7%) cum 0.0132 (2.6%) lr 0.00308 CAP bufC 4.19e-09
[  155.6s]   [ERROR-GATED] WINDOW win1:t11 (after t11): g0 0.532868 (x1.8641) |d| 0.060 | S_corp 0.0201 S_maint 0.0000 (maint #1)
[  159.5s]   [ERROR-GATED] MAINT # 2 @t 12: name_ce 0.1889 (112 toks) |g| 1.000 in-room 0.0601 | GATE read 0.465934 deficit 0.0000 -> lr 0.000000 CONTROLLER (target 0.000000 cap 0.033889; b_m 4.401 share 0.14916) -> step 0.00000 | S_maint 0.0000/0.4475 (0.0% of B_M) S_total 0.0268/0.5012 bufF 6.00e-02
[  165.8s]   [ERROR-GATED] t  12 g0 0.465934 (x1.6300) g-12 0.33296 CE_R 1.5814 CE_corp 0.9864 |d| 0.064 drift-in-room 3.72e-02 rem-in-room 0.9425 | BUDGET S_corp 0.0268 + S_maint 0.0000 = 0.0268/0.5012 (5.4%) cum 0.0258 (5.1%) lr 0.00294 CAP bufC 4.31e-09
[  170.2s]   [ERROR-GATED] WINDOW win2:t13 (after t13): g0 0.386309 (x1.3514) |d| 0.067 | S_corp 0.0336 S_maint 0.0000 (maint #2)
[  172.5s]   [ERROR-GATED] WINDOW win2:t14-pre (after t14): g0 0.300793 (x1.0523) |d| 0.071 | S_corp 0.0403 S_maint 0.0000 (maint #2)
[  175.0s]   [ERROR-GATED] MAINT # 3 @t 14: name_ce 0.2838 (112 toks) |g| 1.000 in-room 0.0601 | GATE read 0.300793 deficit 0.0000 -> lr 0.000000 CONTROLLER (target 0.000000 cap 0.045479; b_m 4.920 share 0.22374) -> step 0.00000 | S_maint 0.0000/0.4475 (0.0% of B_M) S_total 0.0403/0.5012 bufF 6.01e-02
[  175.6s]   [ERROR-GATED] WINDOW win2:t14-post (after t14): g0 0.300793 (x1.0523) |d| 0.071 | S_corp 0.0403 S_maint 0.0000 (maint #3)
[  184.2s]   [ERROR-GATED] t  14 g0 0.300793 (x1.0523) g-12 0.18096 CE_R 1.5798 CE_corp 0.9781 |d| 0.071 drift-in-room 3.35e-02 rem-in-room 0.9425 | BUDGET S_corp 0.0403 + S_maint 0.0000 = 0.0403/0.5012 (8.0%) cum 0.0378 (7.5%) lr 0.00285 CAP bufC 4.44e-09
[  186.3s]   [ERROR-GATED] WINDOW win2:t15 (after t15): g0 0.220592 (x0.7717) |d| 0.074 | S_corp 0.0470 S_maint 0.0000 (maint #3)
[  191.2s]   [ERROR-GATED] MAINT # 4 @t 16: name_ce 0.3910 (112 toks) |g| 1.000 in-room 0.0598 | GATE read 0.156961 deficit 0.4509 -> lr 0.009894 CONTROLLER (target 0.009894 cap 0.083213; b_m 5.378 share 0.44748) -> step 0.05320 | S_maint 0.0532/0.4475 (11.9% of B_M) S_total 0.1069/0.5012 bufF 6.00e-02
[  198.2s]   [ERROR-GATED] t  16 g0 0.723335 (x2.5305) g-12 0.71879 CE_R 1.5847 CE_corp 0.9568 |d| 0.094 drift-in-room 5.85e-02 rem-in-room 0.9425 | BUDGET S_corp 0.0537 + S_maint 0.0532 = 0.1069/0.5012 (21.3%) cum 0.0531 (10.6%) lr 0.00287 CAP bufC 4.63e-09
[  199.4s] ARM-ERROR-GATED DONE: post g0 0.7233347 (x2.5305) p(Z) 1.89e-05 | LEG2 S_corp 0.0537/0.0537 + S_maint 0.0532/0.4475 | CUMULATIVE t0->t800 S_total 3.8389 | maint 4 events | isolation 8+4 checks 0 violations
[  199.4s]   [partial write] ARM-ERROR-GATED complete
[  199.4s] [thermal] cooldown 40s (ERROR-GATED -> PASSIVE-TWIN)
[  239.4s] ==============================================================================
[  239.4s] ARM-PASSIVE-TWIN — the continuation t9..16 (the sanctuary form over the SAME continued stream; opt_F never stepped)
[  239.4s]   [PASSIVE-TWIN] RESUMED from smoke_TWN_leg_resume.pt at corpus step 8/16
[  239.5s]   [gpu:PASSIVE-TWIN:corpus:chunk1#1] util 0% temp 60C mem 1662/24463MB power 8.4W -> OK
[  244.6s]   [gpu:PASSIVE-TWIN:corpus:chunk1#2] util 0% temp 59C mem 1662/24463MB power 8.5W -> OK
[  244.6s] [PASSIVE-TWIN:corpus:chunk1] burst opens
[  246.5s]   [PASSIVE-TWIN] WINDOW win1:t9 (after t9): g0 0.063505 (x0.2222) |d| 0.051 | S_corp 0.0067
[  251.0s]   [PASSIVE-TWIN] t  10 g0 0.057268 (x0.2003) g-12 0.03213 CE_R 1.5834 CE_corp 1.0006 |d| 0.056 | BUDGET S_corp 0.0134/0.0537 (25.0% of B_C) cum 0.0132 lr 0.00337 CAP
[  252.8s]   [PASSIVE-TWIN] WINDOW win1:t11 (after t11): g0 0.051994 (x0.1819) |d| 0.061 | S_corp 0.0201
[  256.5s]   [PASSIVE-TWIN] t  12 g0 0.047759 (x0.1671) g-12 0.02744 CE_R 1.5816 CE_corp 0.9847 |d| 0.065 | BUDGET S_corp 0.0268/0.0537 (50.0% of B_C) cum 0.0255 lr 0.00331 CAP
[  258.3s]   [PASSIVE-TWIN] WINDOW win2:t13 (after t13): g0 0.044371 (x0.1552) |d| 0.070 | S_corp 0.0336
[  262.2s]   [PASSIVE-TWIN] t  14 g0 0.040863 (x0.1430) g-12 0.02406 CE_R 1.5806 CE_corp 0.9768 |d| 0.074 | BUDGET S_corp 0.0403/0.0537 (75.0% of B_C) cum 0.0370 lr 0.00325 CAP
[  264.3s]   [PASSIVE-TWIN] WINDOW win2:t15 (after t15): g0 0.037597 (x0.1315) |d| 0.079 | S_corp 0.0470
[  269.1s]   [PASSIVE-TWIN] t  16 g0 0.034565 (x0.1209) g-12 0.02104 CE_R 1.5803 CE_corp 0.9556 |d| 0.083 | BUDGET S_corp 0.0537/0.0537 (100.0% of B_C) cum 0.0480 lr 0.00321 CAP
[  269.6s] ARM-PASSIVE-TWIN DONE: post g0 0.0345646 (x0.1209) | LEG2 S_corp 0.0537/0.0537
[  269.6s]   [partial write] ARM-PASSIVE-TWIN complete
[  269.6s] ==============================================================================
[  269.6s] P6 ADJUDICATED: MIXED — none of the three frozen shapes: milestones 2.2455/2.0429/1.6300/1.0523/2.5305, monotone False, flat False, in-band False
[  269.6s]   [partial write] P6 ADJUDICATED (the frozen bars)
[  269.9s] P7 DONE: smoke_e339_long_landing.png + REPORT.md + metrics.json — verdict MIXED
